// Jest Snapshot v1, https://goo.gl/fbAQLP

exports[`PhonebookItem renders snapshot 1`] = `
<div
  style={
    Object {
      "border": "0.5px solid grey",
      "marginBottom": "10px",
      "marginTop": "10px",
      "padding": "25px",
      "textAlign": "center",
      "width": "750px",
    }
  }
>
  <div
    style={
      Object {
        "color": "#9aaeed",
      }
    }
  >
    Heso
  </div>
  <div
    style={
      Object {
        "color": "#9aaeed",
      }
    }
  />
  <div
    style={
      Object {
        "color": "#349beb",
        "fontSize": "25px",
        "fontWeight": 1000,
      }
    }
  >
    +007862345
  </div>
</div>
`;
